18:06:27 [DEBUG] (1) zinc::install: status: exit status: 1
stdout: 
stderr: umount: /mnt: not mounted.

18:06:27 [DEBUG] (1) cursive_core::views::linear_layout: Req: XY { x: 170, y: 34 }
18:06:27 [DEBUG] (1) cursive_core::views::linear_layout: Req: XY { x: 170, y: 34 }
18:06:27 [DEBUG] (1) cursive_core::views::linear_layout: Ideal sizes: [XY { x: 60, y: 9 }, XY { x: 16, y: 5 }]
18:06:27 [DEBUG] (1) cursive_core::views::linear_layout: Ideal result: XY { x: 60, y: 14 }
18:06:27 [DEBUG] (1) cursive_core::views::linear_layout: Ideal sizes: [XY { x: 29, y: 13 }, XY { x: 60, y: 14 }]
18:06:27 [DEBUG] (1) cursive_core::views::linear_layout: Ideal result: XY { x: 89, y: 14 }
18:06:27 [DEBUG] (1) cursive_core::views::linear_layout: Req: XY { x: 89, y: 14 }
18:06:27 [DEBUG] (1) cursive_core::views::linear_layout: Req: XY { x: 89, y: 14 }
18:06:27 [DEBUG] (1) cursive_core::views::linear_layout: Ideal sizes: [XY { x: 60, y: 9 }, XY { x: 16, y: 5 }]
18:06:27 [DEBUG] (1) cursive_core::views::linear_layout: Ideal result: XY { x: 60, y: 14 }
18:06:27 [DEBUG] (1) cursive_core::views::linear_layout: Ideal sizes: [XY { x: 29, y: 13 }, XY { x: 60, y: 14 }]
18:06:27 [DEBUG] (1) cursive_core::views::linear_layout: Ideal result: XY { x: 89, y: 14 }
18:06:27 [DEBUG] (1) cursive_core::views::linear_layout: Req: XY { x: 60, y: 14 }
18:06:27 [DEBUG] (1) cursive_core::views::linear_layout: Ideal sizes: [XY { x: 60, y: 9 }, XY { x: 16, y: 5 }]
18:06:27 [DEBUG] (1) cursive_core::views::linear_layout: Ideal result: XY { x: 60, y: 14 }
18:06:31 [DEBUG] (1) cursive_core::views::linear_layout: Req: XY { x: 168, y: 32 }
18:06:31 [DEBUG] (1) cursive_core::views::linear_layout: Ideal sizes: [XY { x: 14, y: 1 }, XY { x: 10, y: 1 }, XY { x: 14, y: 1 }, XY { x: 13, y: 1 }, XY { x: 10, y: 1 }]
18:06:31 [DEBUG] (1) cursive_core::views::linear_layout: Ideal result: XY { x: 14, y: 5 }
18:06:31 [DEBUG] (1) cursive_core::views::linear_layout: Req: XY { x: 72, y: 5 }
18:06:31 [DEBUG] (1) cursive_core::views::linear_layout: Ideal sizes: [XY { x: 14, y: 1 }, XY { x: 10, y: 1 }, XY { x: 14, y: 1 }, XY { x: 13, y: 1 }, XY { x: 10, y: 1 }]
18:06:31 [DEBUG] (1) cursive_core::views::linear_layout: Ideal result: XY { x: 14, y: 5 }
18:06:32 [DEBUG] (1) cursive_core::views::linear_layout: Req: XY { x: 168, y: 32 }
18:06:32 [DEBUG] (1) cursive_core::views::linear_layout: Ideal sizes: [XY { x: 14, y: 1 }, XY { x: 10, y: 1 }, XY { x: 14, y: 1 }, XY { x: 13, y: 1 }, XY { x: 10, y: 1 }]
18:06:32 [DEBUG] (1) cursive_core::views::linear_layout: Ideal result: XY { x: 14, y: 5 }
18:06:32 [DEBUG] (1) cursive_core::views::linear_layout: Req: XY { x: 72, y: 5 }
18:06:32 [DEBUG] (1) cursive_core::views::linear_layout: Ideal sizes: [XY { x: 14, y: 1 }, XY { x: 10, y: 1 }, XY { x: 14, y: 1 }, XY { x: 13, y: 1 }, XY { x: 10, y: 1 }]
18:06:32 [DEBUG] (1) cursive_core::views::linear_layout: Ideal result: XY { x: 14, y: 5 }
18:06:32 [DEBUG] (1) cursive_core::views::linear_layout: Req: XY { x: 168, y: 32 }
18:06:32 [DEBUG] (1) cursive_core::views::linear_layout: Ideal sizes: [XY { x: 14, y: 1 }, XY { x: 10, y: 1 }, XY { x: 14, y: 1 }, XY { x: 13, y: 1 }, XY { x: 10, y: 1 }]
18:06:32 [DEBUG] (1) cursive_core::views::linear_layout: Ideal result: XY { x: 14, y: 5 }
18:06:32 [DEBUG] (1) cursive_core::views::linear_layout: Req: XY { x: 72, y: 5 }
18:06:32 [DEBUG] (1) cursive_core::views::linear_layout: Ideal sizes: [XY { x: 14, y: 1 }, XY { x: 10, y: 1 }, XY { x: 14, y: 1 }, XY { x: 13, y: 1 }, XY { x: 10, y: 1 }]
18:06:32 [DEBUG] (1) cursive_core::views::linear_layout: Ideal result: XY { x: 14, y: 5 }
18:06:33 [DEBUG] (1) cursive_core::views::linear_layout: Req: XY { x: 168, y: 32 }
18:06:33 [DEBUG] (1) cursive_core::views::linear_layout: Ideal sizes: [XY { x: 14, y: 1 }, XY { x: 10, y: 1 }, XY { x: 14, y: 1 }, XY { x: 13, y: 1 }, XY { x: 10, y: 1 }]
18:06:33 [DEBUG] (1) cursive_core::views::linear_layout: Ideal result: XY { x: 14, y: 5 }
18:06:33 [DEBUG] (1) cursive_core::views::linear_layout: Req: XY { x: 72, y: 5 }
18:06:33 [DEBUG] (1) cursive_core::views::linear_layout: Ideal sizes: [XY { x: 14, y: 1 }, XY { x: 10, y: 1 }, XY { x: 14, y: 1 }, XY { x: 13, y: 1 }, XY { x: 10, y: 1 }]
18:06:33 [DEBUG] (1) cursive_core::views::linear_layout: Ideal result: XY { x: 14, y: 5 }
18:06:33 [DEBUG] (1) cursive_core::views::linear_layout: Req: XY { x: 168, y: 32 }
18:06:33 [DEBUG] (1) cursive_core::views::linear_layout: Ideal sizes: [XY { x: 14, y: 1 }, XY { x: 10, y: 1 }, XY { x: 14, y: 1 }, XY { x: 13, y: 1 }, XY { x: 10, y: 1 }]
18:06:33 [DEBUG] (1) cursive_core::views::linear_layout: Ideal result: XY { x: 14, y: 5 }
18:06:33 [DEBUG] (1) cursive_core::views::linear_layout: Req: XY { x: 72, y: 5 }
18:06:33 [DEBUG] (1) cursive_core::views::linear_layout: Ideal sizes: [XY { x: 14, y: 1 }, XY { x: 10, y: 1 }, XY { x: 14, y: 1 }, XY { x: 13, y: 1 }, XY { x: 10, y: 1 }]
18:06:33 [DEBUG] (1) cursive_core::views::linear_layout: Ideal result: XY { x: 14, y: 5 }
18:06:33 [DEBUG] (1) cursive_core::views::linear_layout: Req: XY { x: 168, y: 32 }
18:06:33 [DEBUG] (1) cursive_core::views::linear_layout: Ideal sizes: [XY { x: 14, y: 1 }, XY { x: 10, y: 1 }, XY { x: 14, y: 1 }, XY { x: 13, y: 1 }, XY { x: 10, y: 1 }]
18:06:33 [DEBUG] (1) cursive_core::views::linear_layout: Ideal result: XY { x: 14, y: 5 }
18:06:33 [DEBUG] (1) cursive_core::views::linear_layout: Req: XY { x: 72, y: 5 }
18:06:33 [DEBUG] (1) cursive_core::views::linear_layout: Ideal sizes: [XY { x: 14, y: 1 }, XY { x: 10, y: 1 }, XY { x: 14, y: 1 }, XY { x: 13, y: 1 }, XY { x: 10, y: 1 }]
18:06:33 [DEBUG] (1) cursive_core::views::linear_layout: Ideal result: XY { x: 14, y: 5 }
18:06:34 [DEBUG] (1) cursive_tabs::bar: send Filesystem
18:06:34 [DEBUG] (1) cursive_core::views::linear_layout: Req: XY { x: 168, y: 32 }
18:06:34 [DEBUG] (1) cursive_core::views::linear_layout: Ideal sizes: [XY { x: 8, y: 1 }, XY { x: 8, y: 1 }, XY { x: 9, y: 1 }]
18:06:34 [DEBUG] (1) cursive_core::views::linear_layout: Ideal result: XY { x: 9, y: 3 }
18:06:34 [DEBUG] (1) cursive_core::views::linear_layout: Req: XY { x: 72, y: 3 }
18:06:34 [DEBUG] (1) cursive_core::views::linear_layout: Ideal sizes: [XY { x: 8, y: 1 }, XY { x: 8, y: 1 }, XY { x: 9, y: 1 }]
18:06:34 [DEBUG] (1) cursive_core::views::linear_layout: Ideal result: XY { x: 9, y: 3 }
18:06:35 [DEBUG] (1) cursive_core::views::linear_layout: Req: XY { x: 168, y: 32 }
18:06:35 [DEBUG] (1) cursive_core::views::linear_layout: Ideal sizes: [XY { x: 8, y: 1 }, XY { x: 8, y: 1 }, XY { x: 9, y: 1 }]
18:06:35 [DEBUG] (1) cursive_core::views::linear_layout: Ideal result: XY { x: 9, y: 3 }
18:06:35 [DEBUG] (1) cursive_core::views::linear_layout: Req: XY { x: 72, y: 3 }
18:06:35 [DEBUG] (1) cursive_core::views::linear_layout: Ideal sizes: [XY { x: 8, y: 1 }, XY { x: 8, y: 1 }, XY { x: 9, y: 1 }]
18:06:35 [DEBUG] (1) cursive_core::views::linear_layout: Ideal result: XY { x: 9, y: 3 }
18:06:35 [DEBUG] (1) cursive_tabs::bar: send Desktop
18:06:35 [DEBUG] (1) cursive_core::views::linear_layout: Req: XY { x: 168, y: 32 }
18:06:35 [DEBUG] (1) cursive_core::views::linear_layout: Ideal sizes: [XY { x: 14, y: 1 }, XY { x: 9, y: 1 }, XY { x: 8, y: 1 }, XY { x: 8, y: 1 }, XY { x: 8, y: 1 }]
18:06:35 [DEBUG] (1) cursive_core::views::linear_layout: Ideal result: XY { x: 14, y: 5 }
18:06:35 [DEBUG] (1) cursive_core::views::linear_layout: Req: XY { x: 72, y: 5 }
18:06:35 [DEBUG] (1) cursive_core::views::linear_layout: Ideal sizes: [XY { x: 14, y: 1 }, XY { x: 9, y: 1 }, XY { x: 8, y: 1 }, XY { x: 8, y: 1 }, XY { x: 8, y: 1 }]
18:06:35 [DEBUG] (1) cursive_core::views::linear_layout: Ideal result: XY { x: 14, y: 5 }
18:06:36 [DEBUG] (1) cursive_core::views::linear_layout: Req: XY { x: 168, y: 32 }
18:06:36 [DEBUG] (1) cursive_core::views::linear_layout: Ideal sizes: [XY { x: 14, y: 1 }, XY { x: 9, y: 1 }, XY { x: 8, y: 1 }, XY { x: 8, y: 1 }, XY { x: 8, y: 1 }]
18:06:36 [DEBUG] (1) cursive_core::views::linear_layout: Ideal result: XY { x: 14, y: 5 }
18:06:36 [DEBUG] (1) cursive_core::views::linear_layout: Req: XY { x: 72, y: 5 }
18:06:36 [DEBUG] (1) cursive_core::views::linear_layout: Ideal sizes: [XY { x: 14, y: 1 }, XY { x: 9, y: 1 }, XY { x: 8, y: 1 }, XY { x: 8, y: 1 }, XY { x: 8, y: 1 }]
18:06:36 [DEBUG] (1) cursive_core::views::linear_layout: Ideal result: XY { x: 14, y: 5 }
18:06:36 [DEBUG] (1) cursive_tabs::bar: send Accounts
18:06:36 [DEBUG] (1) cursive_core::views::linear_layout: Req: XY { x: 168, y: 32 }
18:06:36 [DEBUG] (1) cursive_core::views::linear_layout: Ideal sizes: [XY { x: 24, y: 1 }, XY { x: 1, y: 1 }, XY { x: 20, y: 1 }, XY { x: 1, y: 1 }, XY { x: 20, y: 1 }, XY { x: 1, y: 1 }, XY { x: 28, y: 2 }]
18:06:36 [DEBUG] (1) cursive_core::views::linear_layout: Ideal result: XY { x: 28, y: 8 }
18:06:36 [DEBUG] (1) cursive_core::views::linear_layout: Req: XY { x: 72, y: 8 }
18:06:36 [DEBUG] (1) cursive_core::views::linear_layout: Ideal sizes: [XY { x: 24, y: 1 }, XY { x: 1, y: 1 }, XY { x: 20, y: 1 }, XY { x: 1, y: 1 }, XY { x: 20, y: 1 }, XY { x: 1, y: 1 }, XY { x: 28, y: 2 }]
18:06:36 [DEBUG] (1) cursive_core::views::linear_layout: Ideal result: XY { x: 28, y: 8 }
18:06:37 [DEBUG] (1) cursive_core::views::linear_layout: Req: XY { x: 168, y: 32 }
18:06:37 [DEBUG] (1) cursive_core::views::linear_layout: Ideal sizes: [XY { x: 24, y: 1 }, XY { x: 1, y: 1 }, XY { x: 20, y: 1 }, XY { x: 1, y: 1 }, XY { x: 20, y: 1 }, XY { x: 1, y: 1 }, XY { x: 28, y: 2 }]
18:06:37 [DEBUG] (1) cursive_core::views::linear_layout: Ideal result: XY { x: 28, y: 8 }
18:06:37 [DEBUG] (1) cursive_core::views::linear_layout: Req: XY { x: 72, y: 8 }
18:06:37 [DEBUG] (1) cursive_core::views::linear_layout: Ideal sizes: [XY { x: 24, y: 1 }, XY { x: 1, y: 1 }, XY { x: 20, y: 1 }, XY { x: 1, y: 1 }, XY { x: 20, y: 1 }, XY { x: 1, y: 1 }, XY { x: 28, y: 2 }]
18:06:37 [DEBUG] (1) cursive_core::views::linear_layout: Ideal result: XY { x: 28, y: 8 }
18:06:37 [DEBUG] (1) cursive_core::views::linear_layout: Req: XY { x: 168, y: 32 }
18:06:37 [DEBUG] (1) cursive_core::views::linear_layout: Ideal sizes: [XY { x: 24, y: 1 }, XY { x: 1, y: 1 }, XY { x: 20, y: 1 }, XY { x: 1, y: 1 }, XY { x: 20, y: 1 }, XY { x: 1, y: 1 }, XY { x: 28, y: 2 }]
18:06:37 [DEBUG] (1) cursive_core::views::linear_layout: Ideal result: XY { x: 28, y: 8 }
18:06:37 [DEBUG] (1) cursive_core::views::linear_layout: Req: XY { x: 72, y: 8 }
18:06:37 [DEBUG] (1) cursive_core::views::linear_layout: Ideal sizes: [XY { x: 24, y: 1 }, XY { x: 1, y: 1 }, XY { x: 20, y: 1 }, XY { x: 1, y: 1 }, XY { x: 20, y: 1 }, XY { x: 1, y: 1 }, XY { x: 28, y: 2 }]
18:06:37 [DEBUG] (1) cursive_core::views::linear_layout: Ideal result: XY { x: 28, y: 8 }
18:06:38 [DEBUG] (1) cursive_core::views::linear_layout: Req: XY { x: 168, y: 32 }
18:06:38 [DEBUG] (1) cursive_core::views::linear_layout: Ideal sizes: [XY { x: 24, y: 1 }, XY { x: 1, y: 1 }, XY { x: 20, y: 1 }, XY { x: 1, y: 1 }, XY { x: 20, y: 1 }, XY { x: 1, y: 1 }, XY { x: 28, y: 2 }]
18:06:38 [DEBUG] (1) cursive_core::views::linear_layout: Ideal result: XY { x: 28, y: 8 }
18:06:38 [DEBUG] (1) cursive_core::views::linear_layout: Req: XY { x: 72, y: 8 }
18:06:38 [DEBUG] (1) cursive_core::views::linear_layout: Ideal sizes: [XY { x: 24, y: 1 }, XY { x: 1, y: 1 }, XY { x: 20, y: 1 }, XY { x: 1, y: 1 }, XY { x: 20, y: 1 }, XY { x: 1, y: 1 }, XY { x: 28, y: 2 }]
18:06:38 [DEBUG] (1) cursive_core::views::linear_layout: Ideal result: XY { x: 28, y: 8 }
18:06:38 [DEBUG] (1) cursive_core::views::linear_layout: Req: XY { x: 168, y: 32 }
18:06:38 [DEBUG] (1) cursive_core::views::linear_layout: Ideal sizes: [XY { x: 24, y: 1 }, XY { x: 1, y: 1 }, XY { x: 20, y: 1 }, XY { x: 1, y: 1 }, XY { x: 20, y: 1 }, XY { x: 1, y: 1 }, XY { x: 28, y: 2 }]
18:06:38 [DEBUG] (1) cursive_core::views::linear_layout: Ideal result: XY { x: 28, y: 8 }
18:06:38 [DEBUG] (1) cursive_core::views::linear_layout: Req: XY { x: 72, y: 8 }
18:06:38 [DEBUG] (1) cursive_core::views::linear_layout: Ideal sizes: [XY { x: 24, y: 1 }, XY { x: 1, y: 1 }, XY { x: 20, y: 1 }, XY { x: 1, y: 1 }, XY { x: 20, y: 1 }, XY { x: 1, y: 1 }, XY { x: 28, y: 2 }]
18:06:38 [DEBUG] (1) cursive_core::views::linear_layout: Ideal result: XY { x: 28, y: 8 }
18:06:38 [DEBUG] (1) cursive_core::views::linear_layout: Req: XY { x: 168, y: 32 }
18:06:38 [DEBUG] (1) cursive_core::views::linear_layout: Ideal sizes: [XY { x: 24, y: 1 }, XY { x: 1, y: 1 }, XY { x: 20, y: 1 }, XY { x: 1, y: 1 }, XY { x: 20, y: 1 }, XY { x: 1, y: 1 }, XY { x: 28, y: 2 }]
18:06:38 [DEBUG] (1) cursive_core::views::linear_layout: Ideal result: XY { x: 28, y: 8 }
18:06:38 [DEBUG] (1) cursive_core::views::linear_layout: Req: XY { x: 72, y: 8 }
18:06:38 [DEBUG] (1) cursive_core::views::linear_layout: Ideal sizes: [XY { x: 24, y: 1 }, XY { x: 1, y: 1 }, XY { x: 20, y: 1 }, XY { x: 1, y: 1 }, XY { x: 20, y: 1 }, XY { x: 1, y: 1 }, XY { x: 28, y: 2 }]
18:06:38 [DEBUG] (1) cursive_core::views::linear_layout: Ideal result: XY { x: 28, y: 8 }
18:06:39 [DEBUG] (1) cursive_core::views::linear_layout: Req: XY { x: 168, y: 32 }
18:06:39 [DEBUG] (1) cursive_core::views::linear_layout: Ideal sizes: [XY { x: 24, y: 1 }, XY { x: 1, y: 1 }, XY { x: 20, y: 1 }, XY { x: 1, y: 1 }, XY { x: 20, y: 1 }, XY { x: 1, y: 1 }, XY { x: 28, y: 2 }]
18:06:39 [DEBUG] (1) cursive_core::views::linear_layout: Ideal result: XY { x: 28, y: 8 }
18:06:39 [DEBUG] (1) cursive_core::views::linear_layout: Req: XY { x: 72, y: 8 }
18:06:39 [DEBUG] (1) cursive_core::views::linear_layout: Ideal sizes: [XY { x: 24, y: 1 }, XY { x: 1, y: 1 }, XY { x: 20, y: 1 }, XY { x: 1, y: 1 }, XY { x: 20, y: 1 }, XY { x: 1, y: 1 }, XY { x: 28, y: 2 }]
18:06:39 [DEBUG] (1) cursive_core::views::linear_layout: Ideal result: XY { x: 28, y: 8 }
18:06:39 [DEBUG] (1) cursive_core::views::linear_layout: Req: XY { x: 168, y: 32 }
18:06:39 [DEBUG] (1) cursive_core::views::linear_layout: Ideal sizes: [XY { x: 24, y: 1 }, XY { x: 1, y: 1 }, XY { x: 20, y: 1 }, XY { x: 1, y: 1 }, XY { x: 20, y: 1 }, XY { x: 1, y: 1 }, XY { x: 28, y: 2 }]
18:06:39 [DEBUG] (1) cursive_core::views::linear_layout: Ideal result: XY { x: 28, y: 8 }
18:06:39 [DEBUG] (1) cursive_core::views::linear_layout: Req: XY { x: 72, y: 8 }
18:06:39 [DEBUG] (1) cursive_core::views::linear_layout: Ideal sizes: [XY { x: 24, y: 1 }, XY { x: 1, y: 1 }, XY { x: 20, y: 1 }, XY { x: 1, y: 1 }, XY { x: 20, y: 1 }, XY { x: 1, y: 1 }, XY { x: 28, y: 2 }]
18:06:39 [DEBUG] (1) cursive_core::views::linear_layout: Ideal result: XY { x: 28, y: 8 }
18:06:39 [DEBUG] (1) cursive_core::views::linear_layout: Req: XY { x: 168, y: 32 }
18:06:39 [DEBUG] (1) cursive_core::views::linear_layout: Ideal sizes: [XY { x: 24, y: 1 }, XY { x: 1, y: 1 }, XY { x: 20, y: 1 }, XY { x: 1, y: 1 }, XY { x: 20, y: 1 }, XY { x: 1, y: 1 }, XY { x: 28, y: 2 }]
18:06:39 [DEBUG] (1) cursive_core::views::linear_layout: Ideal result: XY { x: 28, y: 8 }
18:06:39 [DEBUG] (1) cursive_core::views::linear_layout: Req: XY { x: 72, y: 8 }
18:06:39 [DEBUG] (1) cursive_core::views::linear_layout: Ideal sizes: [XY { x: 24, y: 1 }, XY { x: 1, y: 1 }, XY { x: 20, y: 1 }, XY { x: 1, y: 1 }, XY { x: 20, y: 1 }, XY { x: 1, y: 1 }, XY { x: 28, y: 2 }]
18:06:39 [DEBUG] (1) cursive_core::views::linear_layout: Ideal result: XY { x: 28, y: 8 }
18:06:39 [DEBUG] (1) cursive_core::views::linear_layout: Req: XY { x: 168, y: 32 }
18:06:39 [DEBUG] (1) cursive_core::views::linear_layout: Ideal sizes: [XY { x: 24, y: 1 }, XY { x: 1, y: 1 }, XY { x: 20, y: 1 }, XY { x: 1, y: 1 }, XY { x: 20, y: 1 }, XY { x: 1, y: 1 }, XY { x: 28, y: 2 }]
18:06:39 [DEBUG] (1) cursive_core::views::linear_layout: Ideal result: XY { x: 28, y: 8 }
18:06:39 [DEBUG] (1) cursive_core::views::linear_layout: Req: XY { x: 72, y: 8 }
18:06:39 [DEBUG] (1) cursive_core::views::linear_layout: Ideal sizes: [XY { x: 24, y: 1 }, XY { x: 1, y: 1 }, XY { x: 20, y: 1 }, XY { x: 1, y: 1 }, XY { x: 20, y: 1 }, XY { x: 1, y: 1 }, XY { x: 28, y: 2 }]
18:06:39 [DEBUG] (1) cursive_core::views::linear_layout: Ideal result: XY { x: 28, y: 8 }
18:06:41 [DEBUG] (1) cursive_tabs::bar: send Distro
18:06:41 [DEBUG] (1) cursive_core::views::linear_layout: Req: XY { x: 168, y: 32 }
18:06:41 [DEBUG] (1) cursive_core::views::linear_layout: Ideal sizes: [XY { x: 14, y: 1 }, XY { x: 10, y: 1 }, XY { x: 14, y: 1 }, XY { x: 13, y: 1 }, XY { x: 10, y: 1 }]
18:06:41 [DEBUG] (1) cursive_core::views::linear_layout: Ideal result: XY { x: 14, y: 5 }
18:06:41 [DEBUG] (1) cursive_core::views::linear_layout: Req: XY { x: 72, y: 5 }
18:06:41 [DEBUG] (1) cursive_core::views::linear_layout: Ideal sizes: [XY { x: 14, y: 1 }, XY { x: 10, y: 1 }, XY { x: 14, y: 1 }, XY { x: 13, y: 1 }, XY { x: 10, y: 1 }]
18:06:41 [DEBUG] (1) cursive_core::views::linear_layout: Ideal result: XY { x: 14, y: 5 }
18:07:44 [DEBUG] (1) cursive_core::views::linear_layout: Req: XY { x: 168, y: 32 }
18:07:44 [DEBUG] (1) cursive_core::views::linear_layout: Ideal sizes: [XY { x: 14, y: 1 }, XY { x: 10, y: 1 }, XY { x: 14, y: 1 }, XY { x: 13, y: 1 }, XY { x: 10, y: 1 }]
18:07:44 [DEBUG] (1) cursive_core::views::linear_layout: Ideal result: XY { x: 14, y: 5 }
18:07:44 [DEBUG] (1) cursive_core::views::linear_layout: Req: XY { x: 72, y: 5 }
18:07:44 [DEBUG] (1) cursive_core::views::linear_layout: Ideal sizes: [XY { x: 14, y: 1 }, XY { x: 10, y: 1 }, XY { x: 14, y: 1 }, XY { x: 13, y: 1 }, XY { x: 10, y: 1 }]
18:07:44 [DEBUG] (1) cursive_core::views::linear_layout: Ideal result: XY { x: 14, y: 5 }
18:07:45 [DEBUG] (1) cursive_core::views::linear_layout: Req: XY { x: 168, y: 32 }
18:07:45 [DEBUG] (1) cursive_core::views::linear_layout: Ideal sizes: [XY { x: 14, y: 1 }, XY { x: 10, y: 1 }, XY { x: 14, y: 1 }, XY { x: 13, y: 1 }, XY { x: 10, y: 1 }]
18:07:45 [DEBUG] (1) cursive_core::views::linear_layout: Ideal result: XY { x: 14, y: 5 }
18:07:45 [DEBUG] (1) cursive_core::views::linear_layout: Req: XY { x: 72, y: 5 }
18:07:45 [DEBUG] (1) cursive_core::views::linear_layout: Ideal sizes: [XY { x: 14, y: 1 }, XY { x: 10, y: 1 }, XY { x: 14, y: 1 }, XY { x: 13, y: 1 }, XY { x: 10, y: 1 }]
18:07:45 [DEBUG] (1) cursive_core::views::linear_layout: Ideal result: XY { x: 14, y: 5 }
18:07:45 [DEBUG] (1) cursive_core::views::linear_layout: Req: XY { x: 168, y: 32 }
18:07:45 [DEBUG] (1) cursive_core::views::linear_layout: Ideal sizes: [XY { x: 14, y: 1 }, XY { x: 10, y: 1 }, XY { x: 14, y: 1 }, XY { x: 13, y: 1 }, XY { x: 10, y: 1 }]
18:07:45 [DEBUG] (1) cursive_core::views::linear_layout: Ideal result: XY { x: 14, y: 5 }
18:07:45 [DEBUG] (1) cursive_core::views::linear_layout: Req: XY { x: 72, y: 5 }
18:07:45 [DEBUG] (1) cursive_core::views::linear_layout: Ideal sizes: [XY { x: 14, y: 1 }, XY { x: 10, y: 1 }, XY { x: 14, y: 1 }, XY { x: 13, y: 1 }, XY { x: 10, y: 1 }]
18:07:45 [DEBUG] (1) cursive_core::views::linear_layout: Ideal result: XY { x: 14, y: 5 }
18:07:45 [DEBUG] (1) cursive_core::views::linear_layout: Req: XY { x: 168, y: 32 }
18:07:45 [DEBUG] (1) cursive_core::views::linear_layout: Ideal sizes: [XY { x: 14, y: 1 }, XY { x: 10, y: 1 }, XY { x: 14, y: 1 }, XY { x: 13, y: 1 }, XY { x: 10, y: 1 }]
18:07:45 [DEBUG] (1) cursive_core::views::linear_layout: Ideal result: XY { x: 14, y: 5 }
18:07:45 [DEBUG] (1) cursive_core::views::linear_layout: Req: XY { x: 72, y: 5 }
18:07:45 [DEBUG] (1) cursive_core::views::linear_layout: Ideal sizes: [XY { x: 14, y: 1 }, XY { x: 10, y: 1 }, XY { x: 14, y: 1 }, XY { x: 13, y: 1 }, XY { x: 10, y: 1 }]
18:07:45 [DEBUG] (1) cursive_core::views::linear_layout: Ideal result: XY { x: 14, y: 5 }
18:07:45 [DEBUG] (1) cursive_core::views::linear_layout: Req: XY { x: 168, y: 32 }
18:07:45 [DEBUG] (1) cursive_core::views::linear_layout: Ideal sizes: [XY { x: 14, y: 1 }, XY { x: 10, y: 1 }, XY { x: 14, y: 1 }, XY { x: 13, y: 1 }, XY { x: 10, y: 1 }]
18:07:45 [DEBUG] (1) cursive_core::views::linear_layout: Ideal result: XY { x: 14, y: 5 }
18:07:45 [DEBUG] (1) cursive_core::views::linear_layout: Req: XY { x: 72, y: 5 }
18:07:45 [DEBUG] (1) cursive_core::views::linear_layout: Ideal sizes: [XY { x: 14, y: 1 }, XY { x: 10, y: 1 }, XY { x: 14, y: 1 }, XY { x: 13, y: 1 }, XY { x: 10, y: 1 }]
18:07:45 [DEBUG] (1) cursive_core::views::linear_layout: Ideal result: XY { x: 14, y: 5 }
18:07:46 [DEBUG] (1) cursive_core::views::linear_layout: Req: XY { x: 168, y: 32 }
18:07:46 [DEBUG] (1) cursive_core::views::linear_layout: Ideal sizes: [XY { x: 14, y: 1 }, XY { x: 10, y: 1 }, XY { x: 14, y: 1 }, XY { x: 13, y: 1 }, XY { x: 10, y: 1 }]
18:07:46 [DEBUG] (1) cursive_core::views::linear_layout: Ideal result: XY { x: 14, y: 5 }
18:07:46 [DEBUG] (1) cursive_core::views::linear_layout: Req: XY { x: 72, y: 5 }
18:07:46 [DEBUG] (1) cursive_core::views::linear_layout: Ideal sizes: [XY { x: 14, y: 1 }, XY { x: 10, y: 1 }, XY { x: 14, y: 1 }, XY { x: 13, y: 1 }, XY { x: 10, y: 1 }]
18:07:46 [DEBUG] (1) cursive_core::views::linear_layout: Ideal result: XY { x: 14, y: 5 }
18:07:46 [DEBUG] (1) cursive_core::views::linear_layout: Req: XY { x: 168, y: 32 }
18:07:46 [DEBUG] (1) cursive_core::views::linear_layout: Ideal sizes: [XY { x: 14, y: 1 }, XY { x: 10, y: 1 }, XY { x: 14, y: 1 }, XY { x: 13, y: 1 }, XY { x: 10, y: 1 }]
18:07:46 [DEBUG] (1) cursive_core::views::linear_layout: Ideal result: XY { x: 14, y: 5 }
18:07:46 [DEBUG] (1) cursive_core::views::linear_layout: Req: XY { x: 72, y: 5 }
18:07:46 [DEBUG] (1) cursive_core::views::linear_layout: Ideal sizes: [XY { x: 14, y: 1 }, XY { x: 10, y: 1 }, XY { x: 14, y: 1 }, XY { x: 13, y: 1 }, XY { x: 10, y: 1 }]
18:07:46 [DEBUG] (1) cursive_core::views::linear_layout: Ideal result: XY { x: 14, y: 5 }
18:07:46 [DEBUG] (1) cursive_core::views::linear_layout: Req: XY { x: 168, y: 32 }
18:07:46 [DEBUG] (1) cursive_core::views::linear_layout: Ideal sizes: [XY { x: 14, y: 1 }, XY { x: 10, y: 1 }, XY { x: 14, y: 1 }, XY { x: 13, y: 1 }, XY { x: 10, y: 1 }]
18:07:46 [DEBUG] (1) cursive_core::views::linear_layout: Ideal result: XY { x: 14, y: 5 }
18:07:46 [DEBUG] (1) cursive_core::views::linear_layout: Req: XY { x: 72, y: 5 }
18:07:46 [DEBUG] (1) cursive_core::views::linear_layout: Ideal sizes: [XY { x: 14, y: 1 }, XY { x: 10, y: 1 }, XY { x: 14, y: 1 }, XY { x: 13, y: 1 }, XY { x: 10, y: 1 }]
18:07:46 [DEBUG] (1) cursive_core::views::linear_layout: Ideal result: XY { x: 14, y: 5 }
18:07:47 [DEBUG] (1) cursive_core::views::linear_layout: Req: XY { x: 168, y: 32 }
18:07:47 [DEBUG] (1) cursive_core::views::linear_layout: Ideal sizes: [XY { x: 14, y: 1 }, XY { x: 10, y: 1 }, XY { x: 14, y: 1 }, XY { x: 13, y: 1 }, XY { x: 10, y: 1 }]
18:07:47 [DEBUG] (1) cursive_core::views::linear_layout: Ideal result: XY { x: 14, y: 5 }
18:07:47 [DEBUG] (1) cursive_core::views::linear_layout: Req: XY { x: 72, y: 5 }
18:07:47 [DEBUG] (1) cursive_core::views::linear_layout: Ideal sizes: [XY { x: 14, y: 1 }, XY { x: 10, y: 1 }, XY { x: 14, y: 1 }, XY { x: 13, y: 1 }, XY { x: 10, y: 1 }]
18:07:47 [DEBUG] (1) cursive_core::views::linear_layout: Ideal result: XY { x: 14, y: 5 }
18:07:47 [DEBUG] (1) cursive_tabs::bar: send Filesystem
18:07:47 [DEBUG] (1) cursive_core::views::linear_layout: Req: XY { x: 168, y: 32 }
18:07:47 [DEBUG] (1) cursive_core::views::linear_layout: Ideal sizes: [XY { x: 8, y: 1 }, XY { x: 8, y: 1 }, XY { x: 9, y: 1 }]
18:07:47 [DEBUG] (1) cursive_core::views::linear_layout: Ideal result: XY { x: 9, y: 3 }
18:07:47 [DEBUG] (1) cursive_core::views::linear_layout: Req: XY { x: 72, y: 3 }
18:07:47 [DEBUG] (1) cursive_core::views::linear_layout: Ideal sizes: [XY { x: 8, y: 1 }, XY { x: 8, y: 1 }, XY { x: 9, y: 1 }]
18:07:47 [DEBUG] (1) cursive_core::views::linear_layout: Ideal result: XY { x: 9, y: 3 }
18:07:48 [DEBUG] (1) cursive_core::views::linear_layout: Req: XY { x: 168, y: 32 }
18:07:48 [DEBUG] (1) cursive_core::views::linear_layout: Ideal sizes: [XY { x: 8, y: 1 }, XY { x: 8, y: 1 }, XY { x: 9, y: 1 }]
18:07:48 [DEBUG] (1) cursive_core::views::linear_layout: Ideal result: XY { x: 9, y: 3 }
18:07:48 [DEBUG] (1) cursive_core::views::linear_layout: Req: XY { x: 72, y: 3 }
18:07:48 [DEBUG] (1) cursive_core::views::linear_layout: Ideal sizes: [XY { x: 8, y: 1 }, XY { x: 8, y: 1 }, XY { x: 9, y: 1 }]
18:07:48 [DEBUG] (1) cursive_core::views::linear_layout: Ideal result: XY { x: 9, y: 3 }
18:07:48 [DEBUG] (1) cursive_tabs::bar: send Desktop
18:07:48 [DEBUG] (1) cursive_core::views::linear_layout: Req: XY { x: 168, y: 32 }
18:07:48 [DEBUG] (1) cursive_core::views::linear_layout: Ideal sizes: [XY { x: 14, y: 1 }, XY { x: 9, y: 1 }, XY { x: 8, y: 1 }, XY { x: 8, y: 1 }, XY { x: 8, y: 1 }]
18:07:48 [DEBUG] (1) cursive_core::views::linear_layout: Ideal result: XY { x: 14, y: 5 }
18:07:48 [DEBUG] (1) cursive_core::views::linear_layout: Req: XY { x: 72, y: 5 }
18:07:48 [DEBUG] (1) cursive_core::views::linear_layout: Ideal sizes: [XY { x: 14, y: 1 }, XY { x: 9, y: 1 }, XY { x: 8, y: 1 }, XY { x: 8, y: 1 }, XY { x: 8, y: 1 }]
18:07:48 [DEBUG] (1) cursive_core::views::linear_layout: Ideal result: XY { x: 14, y: 5 }
18:07:49 [DEBUG] (1) cursive_core::views::linear_layout: Req: XY { x: 168, y: 32 }
18:07:49 [DEBUG] (1) cursive_core::views::linear_layout: Ideal sizes: [XY { x: 14, y: 1 }, XY { x: 9, y: 1 }, XY { x: 8, y: 1 }, XY { x: 8, y: 1 }, XY { x: 8, y: 1 }]
18:07:49 [DEBUG] (1) cursive_core::views::linear_layout: Ideal result: XY { x: 14, y: 5 }
18:07:49 [DEBUG] (1) cursive_core::views::linear_layout: Req: XY { x: 72, y: 5 }
18:07:49 [DEBUG] (1) cursive_core::views::linear_layout: Ideal sizes: [XY { x: 14, y: 1 }, XY { x: 9, y: 1 }, XY { x: 8, y: 1 }, XY { x: 8, y: 1 }, XY { x: 8, y: 1 }]
18:07:49 [DEBUG] (1) cursive_core::views::linear_layout: Ideal result: XY { x: 14, y: 5 }
18:07:49 [DEBUG] (1) cursive_tabs::bar: send Accounts
18:07:49 [DEBUG] (1) cursive_core::views::linear_layout: Req: XY { x: 168, y: 32 }
18:07:49 [DEBUG] (1) cursive_core::views::linear_layout: Ideal sizes: [XY { x: 24, y: 1 }, XY { x: 1, y: 1 }, XY { x: 20, y: 1 }, XY { x: 1, y: 1 }, XY { x: 20, y: 1 }, XY { x: 1, y: 1 }, XY { x: 28, y: 2 }]
18:07:49 [DEBUG] (1) cursive_core::views::linear_layout: Ideal result: XY { x: 28, y: 8 }
18:07:49 [DEBUG] (1) cursive_core::views::linear_layout: Req: XY { x: 72, y: 8 }
18:07:49 [DEBUG] (1) cursive_core::views::linear_layout: Ideal sizes: [XY { x: 24, y: 1 }, XY { x: 1, y: 1 }, XY { x: 20, y: 1 }, XY { x: 1, y: 1 }, XY { x: 20, y: 1 }, XY { x: 1, y: 1 }, XY { x: 28, y: 2 }]
18:07:49 [DEBUG] (1) cursive_core::views::linear_layout: Ideal result: XY { x: 28, y: 8 }
18:07:50 [DEBUG] (1) cursive_core::views::linear_layout: Req: XY { x: 168, y: 32 }
18:07:50 [DEBUG] (1) cursive_core::views::linear_layout: Ideal sizes: [XY { x: 24, y: 1 }, XY { x: 1, y: 1 }, XY { x: 20, y: 1 }, XY { x: 1, y: 1 }, XY { x: 20, y: 1 }, XY { x: 1, y: 1 }, XY { x: 28, y: 2 }]
18:07:50 [DEBUG] (1) cursive_core::views::linear_layout: Ideal result: XY { x: 28, y: 8 }
18:07:50 [DEBUG] (1) cursive_core::views::linear_layout: Req: XY { x: 72, y: 8 }
18:07:50 [DEBUG] (1) cursive_core::views::linear_layout: Ideal sizes: [XY { x: 24, y: 1 }, XY { x: 1, y: 1 }, XY { x: 20, y: 1 }, XY { x: 1, y: 1 }, XY { x: 20, y: 1 }, XY { x: 1, y: 1 }, XY { x: 28, y: 2 }]
18:07:50 [DEBUG] (1) cursive_core::views::linear_layout: Ideal result: XY { x: 28, y: 8 }
18:07:50 [DEBUG] (1) cursive_core::views::linear_layout: Req: XY { x: 168, y: 32 }
18:07:50 [DEBUG] (1) cursive_core::views::linear_layout: Ideal sizes: [XY { x: 24, y: 1 }, XY { x: 1, y: 1 }, XY { x: 20, y: 1 }, XY { x: 1, y: 1 }, XY { x: 20, y: 1 }, XY { x: 1, y: 1 }, XY { x: 28, y: 2 }]
18:07:50 [DEBUG] (1) cursive_core::views::linear_layout: Ideal result: XY { x: 28, y: 8 }
18:07:50 [DEBUG] (1) cursive_core::views::linear_layout: Req: XY { x: 72, y: 8 }
18:07:50 [DEBUG] (1) cursive_core::views::linear_layout: Ideal sizes: [XY { x: 24, y: 1 }, XY { x: 1, y: 1 }, XY { x: 20, y: 1 }, XY { x: 1, y: 1 }, XY { x: 20, y: 1 }, XY { x: 1, y: 1 }, XY { x: 28, y: 2 }]
18:07:50 [DEBUG] (1) cursive_core::views::linear_layout: Ideal result: XY { x: 28, y: 8 }
18:07:50 [DEBUG] (1) cursive_core::views::linear_layout: Req: XY { x: 168, y: 32 }
18:07:50 [DEBUG] (1) cursive_core::views::linear_layout: Ideal sizes: [XY { x: 24, y: 1 }, XY { x: 1, y: 1 }, XY { x: 20, y: 1 }, XY { x: 1, y: 1 }, XY { x: 20, y: 1 }, XY { x: 1, y: 1 }, XY { x: 28, y: 2 }]
18:07:50 [DEBUG] (1) cursive_core::views::linear_layout: Ideal result: XY { x: 28, y: 8 }
18:07:50 [DEBUG] (1) cursive_core::views::linear_layout: Req: XY { x: 72, y: 8 }
18:07:50 [DEBUG] (1) cursive_core::views::linear_layout: Ideal sizes: [XY { x: 24, y: 1 }, XY { x: 1, y: 1 }, XY { x: 20, y: 1 }, XY { x: 1, y: 1 }, XY { x: 20, y: 1 }, XY { x: 1, y: 1 }, XY { x: 28, y: 2 }]
18:07:50 [DEBUG] (1) cursive_core::views::linear_layout: Ideal result: XY { x: 28, y: 8 }
18:07:51 [DEBUG] (1) cursive_core::views::linear_layout: Req: XY { x: 168, y: 32 }
18:07:51 [DEBUG] (1) cursive_core::views::linear_layout: Ideal sizes: [XY { x: 24, y: 1 }, XY { x: 1, y: 1 }, XY { x: 20, y: 1 }, XY { x: 1, y: 1 }, XY { x: 20, y: 1 }, XY { x: 1, y: 1 }, XY { x: 28, y: 2 }]
18:07:51 [DEBUG] (1) cursive_core::views::linear_layout: Ideal result: XY { x: 28, y: 8 }
18:07:51 [DEBUG] (1) cursive_core::views::linear_layout: Req: XY { x: 72, y: 8 }
18:07:51 [DEBUG] (1) cursive_core::views::linear_layout: Ideal sizes: [XY { x: 24, y: 1 }, XY { x: 1, y: 1 }, XY { x: 20, y: 1 }, XY { x: 1, y: 1 }, XY { x: 20, y: 1 }, XY { x: 1, y: 1 }, XY { x: 28, y: 2 }]
18:07:51 [DEBUG] (1) cursive_core::views::linear_layout: Ideal result: XY { x: 28, y: 8 }
18:07:51 [DEBUG] (1) cursive_core::views::linear_layout: Req: XY { x: 168, y: 32 }
18:07:51 [DEBUG] (1) cursive_core::views::linear_layout: Ideal sizes: [XY { x: 24, y: 1 }, XY { x: 1, y: 1 }, XY { x: 20, y: 1 }, XY { x: 1, y: 1 }, XY { x: 20, y: 1 }, XY { x: 1, y: 1 }, XY { x: 28, y: 2 }]
18:07:51 [DEBUG] (1) cursive_core::views::linear_layout: Ideal result: XY { x: 28, y: 8 }
18:07:51 [DEBUG] (1) cursive_core::views::linear_layout: Req: XY { x: 72, y: 8 }
18:07:51 [DEBUG] (1) cursive_core::views::linear_layout: Ideal sizes: [XY { x: 24, y: 1 }, XY { x: 1, y: 1 }, XY { x: 20, y: 1 }, XY { x: 1, y: 1 }, XY { x: 20, y: 1 }, XY { x: 1, y: 1 }, XY { x: 28, y: 2 }]
18:07:51 [DEBUG] (1) cursive_core::views::linear_layout: Ideal result: XY { x: 28, y: 8 }
18:07:51 [DEBUG] (1) cursive_core::views::linear_layout: Req: XY { x: 168, y: 32 }
18:07:51 [DEBUG] (1) cursive_core::views::linear_layout: Ideal sizes: [XY { x: 24, y: 1 }, XY { x: 1, y: 1 }, XY { x: 20, y: 1 }, XY { x: 1, y: 1 }, XY { x: 20, y: 1 }, XY { x: 1, y: 1 }, XY { x: 28, y: 2 }]
18:07:51 [DEBUG] (1) cursive_core::views::linear_layout: Ideal result: XY { x: 28, y: 8 }
18:07:51 [DEBUG] (1) cursive_core::views::linear_layout: Req: XY { x: 72, y: 8 }
18:07:51 [DEBUG] (1) cursive_core::views::linear_layout: Ideal sizes: [XY { x: 24, y: 1 }, XY { x: 1, y: 1 }, XY { x: 20, y: 1 }, XY { x: 1, y: 1 }, XY { x: 20, y: 1 }, XY { x: 1, y: 1 }, XY { x: 28, y: 2 }]
18:07:51 [DEBUG] (1) cursive_core::views::linear_layout: Ideal result: XY { x: 28, y: 8 }
18:07:52 [DEBUG] (1) cursive_core::views::linear_layout: Req: XY { x: 168, y: 32 }
18:07:52 [DEBUG] (1) cursive_core::views::linear_layout: Ideal sizes: [XY { x: 24, y: 1 }, XY { x: 1, y: 1 }, XY { x: 20, y: 1 }, XY { x: 1, y: 1 }, XY { x: 20, y: 1 }, XY { x: 1, y: 1 }, XY { x: 28, y: 2 }]
18:07:52 [DEBUG] (1) cursive_core::views::linear_layout: Ideal result: XY { x: 28, y: 8 }
18:07:52 [DEBUG] (1) cursive_core::views::linear_layout: Req: XY { x: 72, y: 8 }
18:07:52 [DEBUG] (1) cursive_core::views::linear_layout: Ideal sizes: [XY { x: 24, y: 1 }, XY { x: 1, y: 1 }, XY { x: 20, y: 1 }, XY { x: 1, y: 1 }, XY { x: 20, y: 1 }, XY { x: 1, y: 1 }, XY { x: 28, y: 2 }]
18:07:52 [DEBUG] (1) cursive_core::views::linear_layout: Ideal result: XY { x: 28, y: 8 }
18:07:52 [DEBUG] (1) cursive_core::views::linear_layout: Req: XY { x: 168, y: 32 }
18:07:52 [DEBUG] (1) cursive_core::views::linear_layout: Ideal sizes: [XY { x: 24, y: 1 }, XY { x: 1, y: 1 }, XY { x: 20, y: 1 }, XY { x: 1, y: 1 }, XY { x: 20, y: 1 }, XY { x: 1, y: 1 }, XY { x: 28, y: 2 }]
18:07:52 [DEBUG] (1) cursive_core::views::linear_layout: Ideal result: XY { x: 28, y: 8 }
18:07:52 [DEBUG] (1) cursive_core::views::linear_layout: Req: XY { x: 72, y: 8 }
18:07:52 [DEBUG] (1) cursive_core::views::linear_layout: Ideal sizes: [XY { x: 24, y: 1 }, XY { x: 1, y: 1 }, XY { x: 20, y: 1 }, XY { x: 1, y: 1 }, XY { x: 20, y: 1 }, XY { x: 1, y: 1 }, XY { x: 28, y: 2 }]
18:07:52 [DEBUG] (1) cursive_core::views::linear_layout: Ideal result: XY { x: 28, y: 8 }
18:07:52 [DEBUG] (1) cursive_core::views::linear_layout: Req: XY { x: 168, y: 32 }
18:07:52 [DEBUG] (1) cursive_core::views::linear_layout: Ideal sizes: [XY { x: 24, y: 1 }, XY { x: 1, y: 1 }, XY { x: 20, y: 1 }, XY { x: 1, y: 1 }, XY { x: 20, y: 1 }, XY { x: 1, y: 1 }, XY { x: 28, y: 2 }]
18:07:52 [DEBUG] (1) cursive_core::views::linear_layout: Ideal result: XY { x: 28, y: 8 }
18:07:52 [DEBUG] (1) cursive_core::views::linear_layout: Req: XY { x: 72, y: 8 }
18:07:52 [DEBUG] (1) cursive_core::views::linear_layout: Ideal sizes: [XY { x: 24, y: 1 }, XY { x: 1, y: 1 }, XY { x: 20, y: 1 }, XY { x: 1, y: 1 }, XY { x: 20, y: 1 }, XY { x: 1, y: 1 }, XY { x: 28, y: 2 }]
18:07:52 [DEBUG] (1) cursive_core::views::linear_layout: Ideal result: XY { x: 28, y: 8 }
18:07:52 [DEBUG] (1) cursive_core::views::linear_layout: Req: XY { x: 168, y: 32 }
18:07:52 [DEBUG] (1) cursive_core::views::linear_layout: Ideal sizes: [XY { x: 24, y: 1 }, XY { x: 1, y: 1 }, XY { x: 20, y: 1 }, XY { x: 1, y: 1 }, XY { x: 20, y: 1 }, XY { x: 1, y: 1 }, XY { x: 28, y: 2 }]
18:07:52 [DEBUG] (1) cursive_core::views::linear_layout: Ideal result: XY { x: 28, y: 8 }
18:07:52 [DEBUG] (1) cursive_core::views::linear_layout: Req: XY { x: 72, y: 8 }
18:07:52 [DEBUG] (1) cursive_core::views::linear_layout: Ideal sizes: [XY { x: 24, y: 1 }, XY { x: 1, y: 1 }, XY { x: 20, y: 1 }, XY { x: 1, y: 1 }, XY { x: 20, y: 1 }, XY { x: 1, y: 1 }, XY { x: 28, y: 2 }]
18:07:52 [DEBUG] (1) cursive_core::views::linear_layout: Ideal result: XY { x: 28, y: 8 }
18:07:53 [DEBUG] (1) cursive_core::views::linear_layout: Req: XY { x: 168, y: 32 }
18:07:53 [DEBUG] (1) cursive_core::views::linear_layout: Ideal sizes: [XY { x: 24, y: 1 }, XY { x: 1, y: 1 }, XY { x: 20, y: 1 }, XY { x: 1, y: 1 }, XY { x: 20, y: 1 }, XY { x: 1, y: 1 }, XY { x: 28, y: 2 }]
18:07:53 [DEBUG] (1) cursive_core::views::linear_layout: Ideal result: XY { x: 28, y: 8 }
18:07:53 [DEBUG] (1) cursive_core::views::linear_layout: Req: XY { x: 72, y: 8 }
18:07:53 [DEBUG] (1) cursive_core::views::linear_layout: Ideal sizes: [XY { x: 24, y: 1 }, XY { x: 1, y: 1 }, XY { x: 20, y: 1 }, XY { x: 1, y: 1 }, XY { x: 20, y: 1 }, XY { x: 1, y: 1 }, XY { x: 28, y: 2 }]
18:07:53 [DEBUG] (1) cursive_core::views::linear_layout: Ideal result: XY { x: 28, y: 8 }
18:07:53 [DEBUG] (1) cursive_core::views::linear_layout: Req: XY { x: 168, y: 32 }
18:07:53 [DEBUG] (1) cursive_core::views::linear_layout: Ideal sizes: [XY { x: 24, y: 1 }, XY { x: 1, y: 1 }, XY { x: 20, y: 1 }, XY { x: 1, y: 1 }, XY { x: 20, y: 1 }, XY { x: 1, y: 1 }, XY { x: 28, y: 2 }]
18:07:53 [DEBUG] (1) cursive_core::views::linear_layout: Ideal result: XY { x: 28, y: 8 }
18:07:53 [DEBUG] (1) cursive_core::views::linear_layout: Req: XY { x: 72, y: 8 }
18:07:53 [DEBUG] (1) cursive_core::views::linear_layout: Ideal sizes: [XY { x: 24, y: 1 }, XY { x: 1, y: 1 }, XY { x: 20, y: 1 }, XY { x: 1, y: 1 }, XY { x: 20, y: 1 }, XY { x: 1, y: 1 }, XY { x: 28, y: 2 }]
18:07:53 [DEBUG] (1) cursive_core::views::linear_layout: Ideal result: XY { x: 28, y: 8 }
18:07:53 [DEBUG] (1) cursive_tabs::bar: send Distro
18:07:53 [DEBUG] (1) cursive_core::views::linear_layout: Req: XY { x: 168, y: 32 }
18:07:53 [DEBUG] (1) cursive_core::views::linear_layout: Ideal sizes: [XY { x: 14, y: 1 }, XY { x: 10, y: 1 }, XY { x: 14, y: 1 }, XY { x: 13, y: 1 }, XY { x: 10, y: 1 }]
18:07:53 [DEBUG] (1) cursive_core::views::linear_layout: Ideal result: XY { x: 14, y: 5 }
18:07:53 [DEBUG] (1) cursive_core::views::linear_layout: Req: XY { x: 72, y: 5 }
18:07:53 [DEBUG] (1) cursive_core::views::linear_layout: Ideal sizes: [XY { x: 14, y: 1 }, XY { x: 10, y: 1 }, XY { x: 14, y: 1 }, XY { x: 13, y: 1 }, XY { x: 10, y: 1 }]
18:07:53 [DEBUG] (1) cursive_core::views::linear_layout: Ideal result: XY { x: 14, y: 5 }
18:07:54 [DEBUG] (1) cursive_core::views::linear_layout: Req: XY { x: 168, y: 32 }
18:07:54 [DEBUG] (1) cursive_core::views::linear_layout: Ideal sizes: [XY { x: 14, y: 1 }, XY { x: 10, y: 1 }, XY { x: 14, y: 1 }, XY { x: 13, y: 1 }, XY { x: 10, y: 1 }]
18:07:54 [DEBUG] (1) cursive_core::views::linear_layout: Ideal result: XY { x: 14, y: 5 }
18:07:54 [DEBUG] (1) cursive_core::views::linear_layout: Req: XY { x: 72, y: 5 }
18:07:54 [DEBUG] (1) cursive_core::views::linear_layout: Ideal sizes: [XY { x: 14, y: 1 }, XY { x: 10, y: 1 }, XY { x: 14, y: 1 }, XY { x: 13, y: 1 }, XY { x: 10, y: 1 }]
18:07:54 [DEBUG] (1) cursive_core::views::linear_layout: Ideal result: XY { x: 14, y: 5 }
18:07:54 [DEBUG] (1) cursive_core::views::linear_layout: Req: XY { x: 168, y: 32 }
18:07:54 [DEBUG] (1) cursive_core::views::linear_layout: Ideal sizes: [XY { x: 14, y: 1 }, XY { x: 10, y: 1 }, XY { x: 14, y: 1 }, XY { x: 13, y: 1 }, XY { x: 10, y: 1 }]
18:07:54 [DEBUG] (1) cursive_core::views::linear_layout: Ideal result: XY { x: 14, y: 5 }
18:07:54 [DEBUG] (1) cursive_core::views::linear_layout: Req: XY { x: 72, y: 5 }
18:07:54 [DEBUG] (1) cursive_core::views::linear_layout: Ideal sizes: [XY { x: 14, y: 1 }, XY { x: 10, y: 1 }, XY { x: 14, y: 1 }, XY { x: 13, y: 1 }, XY { x: 10, y: 1 }]
18:07:54 [DEBUG] (1) cursive_core::views::linear_layout: Ideal result: XY { x: 14, y: 5 }
18:07:54 [DEBUG] (1) cursive_core::views::linear_layout: Req: XY { x: 168, y: 32 }
18:07:54 [DEBUG] (1) cursive_core::views::linear_layout: Ideal sizes: [XY { x: 14, y: 1 }, XY { x: 10, y: 1 }, XY { x: 14, y: 1 }, XY { x: 13, y: 1 }, XY { x: 10, y: 1 }]
18:07:54 [DEBUG] (1) cursive_core::views::linear_layout: Ideal result: XY { x: 14, y: 5 }
18:07:54 [DEBUG] (1) cursive_core::views::linear_layout: Req: XY { x: 72, y: 5 }
18:07:54 [DEBUG] (1) cursive_core::views::linear_layout: Ideal sizes: [XY { x: 14, y: 1 }, XY { x: 10, y: 1 }, XY { x: 14, y: 1 }, XY { x: 13, y: 1 }, XY { x: 10, y: 1 }]
18:07:54 [DEBUG] (1) cursive_core::views::linear_layout: Ideal result: XY { x: 14, y: 5 }
18:07:54 [DEBUG] (1) cursive_core::views::linear_layout: Req: XY { x: 168, y: 32 }
18:07:54 [DEBUG] (1) cursive_core::views::linear_layout: Ideal sizes: [XY { x: 14, y: 1 }, XY { x: 10, y: 1 }, XY { x: 14, y: 1 }, XY { x: 13, y: 1 }, XY { x: 10, y: 1 }]
18:07:54 [DEBUG] (1) cursive_core::views::linear_layout: Ideal result: XY { x: 14, y: 5 }
18:07:54 [DEBUG] (1) cursive_core::views::linear_layout: Req: XY { x: 72, y: 5 }
18:07:54 [DEBUG] (1) cursive_core::views::linear_layout: Ideal sizes: [XY { x: 14, y: 1 }, XY { x: 10, y: 1 }, XY { x: 14, y: 1 }, XY { x: 13, y: 1 }, XY { x: 10, y: 1 }]
18:07:54 [DEBUG] (1) cursive_core::views::linear_layout: Ideal result: XY { x: 14, y: 5 }
18:07:54 [DEBUG] (1) cursive_core::views::linear_layout: Req: XY { x: 168, y: 32 }
18:07:54 [DEBUG] (1) cursive_core::views::linear_layout: Ideal sizes: [XY { x: 14, y: 1 }, XY { x: 10, y: 1 }, XY { x: 14, y: 1 }, XY { x: 13, y: 1 }, XY { x: 10, y: 1 }]
18:07:54 [DEBUG] (1) cursive_core::views::linear_layout: Ideal result: XY { x: 14, y: 5 }
18:07:54 [DEBUG] (1) cursive_core::views::linear_layout: Req: XY { x: 72, y: 5 }
18:07:54 [DEBUG] (1) cursive_core::views::linear_layout: Ideal sizes: [XY { x: 14, y: 1 }, XY { x: 10, y: 1 }, XY { x: 14, y: 1 }, XY { x: 13, y: 1 }, XY { x: 10, y: 1 }]
18:07:54 [DEBUG] (1) cursive_core::views::linear_layout: Ideal result: XY { x: 14, y: 5 }
18:07:55 [DEBUG] (1) cursive_core::views::linear_layout: Req: XY { x: 168, y: 32 }
18:07:55 [DEBUG] (1) cursive_core::views::linear_layout: Ideal sizes: [XY { x: 14, y: 1 }, XY { x: 10, y: 1 }, XY { x: 14, y: 1 }, XY { x: 13, y: 1 }, XY { x: 10, y: 1 }]
18:07:55 [DEBUG] (1) cursive_core::views::linear_layout: Ideal result: XY { x: 14, y: 5 }
18:07:55 [DEBUG] (1) cursive_core::views::linear_layout: Req: XY { x: 72, y: 5 }
18:07:55 [DEBUG] (1) cursive_core::views::linear_layout: Ideal sizes: [XY { x: 14, y: 1 }, XY { x: 10, y: 1 }, XY { x: 14, y: 1 }, XY { x: 13, y: 1 }, XY { x: 10, y: 1 }]
18:07:55 [DEBUG] (1) cursive_core::views::linear_layout: Ideal result: XY { x: 14, y: 5 }
18:07:55 [DEBUG] (1) cursive_core::views::linear_layout: Req: XY { x: 168, y: 32 }
18:07:55 [DEBUG] (1) cursive_core::views::linear_layout: Ideal sizes: [XY { x: 14, y: 1 }, XY { x: 10, y: 1 }, XY { x: 14, y: 1 }, XY { x: 13, y: 1 }, XY { x: 10, y: 1 }]
18:07:55 [DEBUG] (1) cursive_core::views::linear_layout: Ideal result: XY { x: 14, y: 5 }
18:07:55 [DEBUG] (1) cursive_core::views::linear_layout: Req: XY { x: 72, y: 5 }
18:07:55 [DEBUG] (1) cursive_core::views::linear_layout: Ideal sizes: [XY { x: 14, y: 1 }, XY { x: 10, y: 1 }, XY { x: 14, y: 1 }, XY { x: 13, y: 1 }, XY { x: 10, y: 1 }]
18:07:55 [DEBUG] (1) cursive_core::views::linear_layout: Ideal result: XY { x: 14, y: 5 }
18:07:55 [DEBUG] (1) cursive_tabs::bar: send Filesystem
18:07:55 [DEBUG] (1) cursive_core::views::linear_layout: Req: XY { x: 168, y: 32 }
18:07:55 [DEBUG] (1) cursive_core::views::linear_layout: Ideal sizes: [XY { x: 8, y: 1 }, XY { x: 8, y: 1 }, XY { x: 9, y: 1 }]
18:07:55 [DEBUG] (1) cursive_core::views::linear_layout: Ideal result: XY { x: 9, y: 3 }
18:07:55 [DEBUG] (1) cursive_core::views::linear_layout: Req: XY { x: 72, y: 3 }
18:07:55 [DEBUG] (1) cursive_core::views::linear_layout: Ideal sizes: [XY { x: 8, y: 1 }, XY { x: 8, y: 1 }, XY { x: 9, y: 1 }]
18:07:55 [DEBUG] (1) cursive_core::views::linear_layout: Ideal result: XY { x: 9, y: 3 }
18:07:57 [DEBUG] (1) cursive_core::views::linear_layout: Req: XY { x: 168, y: 32 }
18:07:57 [DEBUG] (1) cursive_core::views::linear_layout: Ideal sizes: [XY { x: 8, y: 1 }, XY { x: 8, y: 1 }, XY { x: 9, y: 1 }]
18:07:57 [DEBUG] (1) cursive_core::views::linear_layout: Ideal result: XY { x: 9, y: 3 }
18:07:57 [DEBUG] (1) cursive_core::views::linear_layout: Req: XY { x: 72, y: 3 }
18:07:57 [DEBUG] (1) cursive_core::views::linear_layout: Ideal sizes: [XY { x: 8, y: 1 }, XY { x: 8, y: 1 }, XY { x: 9, y: 1 }]
18:07:57 [DEBUG] (1) cursive_core::views::linear_layout: Ideal result: XY { x: 9, y: 3 }
18:07:57 [DEBUG] (1) cursive_core::views::linear_layout: Req: XY { x: 168, y: 32 }
18:07:57 [DEBUG] (1) cursive_core::views::linear_layout: Ideal sizes: [XY { x: 8, y: 1 }, XY { x: 8, y: 1 }, XY { x: 9, y: 1 }]
18:07:57 [DEBUG] (1) cursive_core::views::linear_layout: Ideal result: XY { x: 9, y: 3 }
18:07:57 [DEBUG] (1) cursive_core::views::linear_layout: Req: XY { x: 72, y: 3 }
18:07:57 [DEBUG] (1) cursive_core::views::linear_layout: Ideal sizes: [XY { x: 8, y: 1 }, XY { x: 8, y: 1 }, XY { x: 9, y: 1 }]
18:07:57 [DEBUG] (1) cursive_core::views::linear_layout: Ideal result: XY { x: 9, y: 3 }
18:07:58 [DEBUG] (1) cursive_core::views::linear_layout: Req: XY { x: 168, y: 32 }
18:07:58 [DEBUG] (1) cursive_core::views::linear_layout: Ideal sizes: [XY { x: 8, y: 1 }, XY { x: 8, y: 1 }, XY { x: 9, y: 1 }]
18:07:58 [DEBUG] (1) cursive_core::views::linear_layout: Ideal result: XY { x: 9, y: 3 }
18:07:58 [DEBUG] (1) cursive_core::views::linear_layout: Req: XY { x: 72, y: 3 }
18:07:58 [DEBUG] (1) cursive_core::views::linear_layout: Ideal sizes: [XY { x: 8, y: 1 }, XY { x: 8, y: 1 }, XY { x: 9, y: 1 }]
18:07:58 [DEBUG] (1) cursive_core::views::linear_layout: Ideal result: XY { x: 9, y: 3 }
